HOMEWORKS





3)
------------------------------------------
cat /proc/meminfo
MemTotal:        4039548 kB
MemFree:         1890612 kB
MemAvailable:    2652844 kB
Buffers:           96452 kB
Cached:           987584 kB
SwapCached:            0 kB
Active:          1127768 kB
Inactive:         806268 kB
Active(anon):     850768 kB
Inactive(anon):   157300 kB
Active(file):     277000 kB
Inactive(file):   648968 kB
Unevictable:          16 kB
Mlocked:              16 kB
SwapTotal:       1459804 kB
SwapFree:        1459804 kB
Dirty:                32 kB
Writeback:             0 kB
AnonPages:        850016 kB
Mapped:           433220 kB
Shmem:            158072 kB
Slab:             105720 kB
SReclaimable:      78668 kB
SUnreclaim:        27052 kB
KernelStack:        7168 kB
PageTables:        32108 kB
NFS_Unstable:          0 kB
Bounce:                0 kB
WritebackTmp:          0 kB
CommitLimit:     3479576 kB
Committed_AS:    3559952 kB
VmallocTotal:   34359738367 kB
VmallocUsed:           0 kB
VmallocChunk:          0 kB
HardwareCorrupted:     0 kB
AnonHugePages:         0 kB
ShmemHugePages:        0 kB
ShmemPmdMapped:        0 kB
CmaTotal:              0 kB
CmaFree:               0 kB
HugePages_Total:       0
HugePages_Free:        0
HugePages_Rsvd:        0
HugePages_Surp:        0
Hugepagesize:       2048 kB
DirectMap4k:      131008 kB
DirectMap2M:     4063232 kB
------------------------------------------

procs -----------memory---------- ---swap-- -----io---- -system-- ------cpu-----
 r  b   swpd   free   buff  cache   si   so    bi    bo   in   cs us sy id wa st
 1  0      0 1889492  96576 1066420    0    0     0     0  263  347  3  1 96  0  0
 0  0      0 1889500  96576 1066420    0    0     0     0  203  239  1  1 98  0  0
 0  0      0 1889500  96576 1066420    0    0     0     0  227  271  2  1 98  0  0
 0  0      0 1889500  96576 1066420    0    0     0     0  224  243  1  1 98  0  0
 0  0      0 1889500  96576 1066420    0    0     0     0  223  283  3  0 97  0  0
 0  0      0 1889500  96576 1066420    0    0     0     0  180  242  1  1 98  0  0
 0  0      0 1889500  96576 1066420    0    0     0     0  205  255  2  0 98  0  0
 0  0      0 1889500  96576 1066420    0    0     0     0  216  389  2  2 97  0  0
 0  0      0 1889500  96576 1066420    0    0     0     0  263  353  3  1 97  0  0
 0  0      0 1889500  96576 1066420    0    0     0     0  336  562  3  1 96  0  0
 1  0      0 1889500  96576 1066420    0    0     0     0  210  336  2  1 97  0  0
 1  0      0 1852416  96576 1066420    0    0     0     0  290  400  6  2 92  0  0 ----- here: ./mem 4000
 2  0      0 833384  96576 1066420    0    0     0     0  578  243 25 26 48  0  0
 1  0      0 549548  96576 1066420    0    0     0     0  552  295 17 30 53  0  0
 1  0      0 272532  96576 1066420    0    0     0     0  508  261 15 33 53  0  0
 2  0    780  84416  95588 685832    0  296     0   296  710  622 19 46 34  0  0
 0  3  92160  84712    608 190748    0 91728  1836 91728 1493 1795 17 73  2  7  0
 2  2 423692  88108    152 191924  280 331584  6436 331584 1629 1486 10 42  3 45  0
 1  3 791040  85312    736 192776 1308 367952  4784 367952 2169 2278 10 48  2 39  0
 2  0 952436  85196   1860 193980 1552 162948  4916 162948 22653 2188 16 73  1 11  0
 2  0 1078784  85276   2876 195416  732 127052  5028 127052 15925 2335 14 67  2 18  0
 3  0 1251588  84272   2740 193056   96 172792   160 172792 26869 2805 16 78  1  5  0
 0  3 1446992  88164   1916 192452 17584 213268 17632 213268 22683 3800 10 69  1 20  0
 1  1 1406844 123384   1912 192548 40984  664 40984   664 3211 4683  2 16 12 70  0
 2  0 1439488 122688    228 194384 30436 64896 33680 64896 3805 3817  2 25  9 64  0
 2  0 1400832 109952    228 193888 36636    0 36636     0 2807 4186  2 14 45 39  0
 1  1 1405184 111188    228 197796 39932 45180 45424 45180 5366 4920  3 27 27 43  0
 1  2 1411760  96816    228 197508 42468 51256 42680 51256 4842 4733  2 23 23 52  0
 1  1 1375000 103760    228 199324 36392  616 38064   616 2633 4135  3 22 18 57  0
 0  2 1449596 110388    228 197168 34504 110056 34504 110056 4156 4156  3 34 27 37  0
 1  3 1416260 118368    228 201452 31812  324 36228   324 3153 4369  4 20 20 56  0
procs -----------memory---------- ---swap-- -----io---- -system-- ------cpu-----
 r  b   swpd   free   buff  cache   si   so    bi    bo   in   cs us sy id wa st
 2 19 1417472 102400    160 205844 37980 38848 47584 38848 6587 7976  7 43  6 44  0
 1  2 1432420 127660    356 212292 16444 31584 25960 31584 4527 5968  5 31  3 60  0
 1  3 1419496 129644   1216 217888 14840  388 21380   388 3549 6399  3 28  0 69  0
 3  3 1377768  87980   1364 219720 39728    0 41632     0 4099 6069 10 18  0 72  0
 1  1 1392880  84780   1508 217200 37160 52940 42136 52940 4147 5005  8 29  4 59  0
 0  4 1423104  84612   1768 217536 28700 60648 29600 60648 4007 4380  7 32 14 47  0
 1  3 1387572 107484   1908 217772 40348 5528 41284  5528 3288 5462  5 24  1 70  0
 0  2 1409776 119228   1908 216016 45268 68892 45268 68892 4346 5169  3 39  7 51  0
 3  0 1391872  85024   2956 214160 49080 30804 50248 30820 4564 5999 11 30 22 38  0
 2  1 1387056 101952   2956 211716 39880 34956 40144 34956 2891 5787 12 34 14 41  0
 2  2 1422100 127044   1812 203732 43528 78488 43528 78488 4642 5552  6 38 18 38  0
 2  1 1368716 103184   1812 203664 54504  888 54712   888 3218 5936  3 29 34 33  0
 3  2 1399608  84956   1244 197916 49496 80564 50024 80564 6029 6045  6 38  2 54  0
------------------------------------------





